
> freshwax@0.0.1 build
> astro build

[2m16:18:33[22m [34m[@astrojs/cloudflare][39m Enabling sessions with Cloudflare KV with the "SESSION" KV binding.
[2m16:18:33[22m [34m[@astrojs/cloudflare][39m If you see the error "Invalid binding `SESSION`" in your build output, you need to add the binding to your wrangler config file.
[33m[1m16:18:33[22m [WARN] [adapter][39m Cloudflare does not support sharp at runtime. However, you can configure `imageService: "compile"` to optimize images with sharp on prerendered pages during build time.
[2m16:18:33[22m [34m[content][39m Syncing content
[2m16:18:33[22m [34m[content][39m Synced content
[2m16:18:33[22m [34m[types][39m Generated [2m60ms[22m
[2m16:18:33[22m [34m[build][39m output: [34m"server"[39m
[2m16:18:33[22m [34m[build][39m mode: [34m"server"[39m
[2m16:18:33[22m [34m[build][39m directory: [34mC:\Users\Owner\freshwax\dist\[39m
[2m16:18:33[22m [34m[build][39m adapter: [32m@astrojs/cloudflare[39m
[2m16:18:33[22m [34m[build][39m Collecting build info...
[2m16:18:33[22m [34m[build][39m [32m✓ Completed in 206ms.[39m
[2m16:18:33[22m [34m[build][39m Building server entrypoints...
[33m[1m16:18:40[22m [WARN] [vite][39m [33m[plugin vite:resolve] Automatically externalized node built-in module "fs" imported from "src\pages\api\sync-release.ts". Consider adding it to environments.ssr.external if it is intended.[39m
[33m[1m16:18:40[22m [WARN] [vite][39m [33m[plugin vite:resolve] Automatically externalized node built-in module "path" imported from "src\pages\api\sync-release.ts". Consider adding it to environments.ssr.external if it is intended.[39m
[33m[1m16:18:40[22m [WARN] [vite][39m [33m[plugin vite:resolve] Automatically externalized node built-in module "path" imported from "node_modules\adm-zip\adm-zip.js". Consider adding it to environments.ssr.external if it is intended.[39m
[33m[1m16:18:42[22m [WARN] [vite][39m [33m[plugin vite:resolve] Automatically externalized node built-in module "fs" imported from "node_modules\adm-zip\util\utils.js". Consider adding it to environments.ssr.external if it is intended.[39m
[33m[1m16:18:42[22m [WARN] [vite][39m [33m[plugin vite:resolve] Automatically externalized node built-in module "path" imported from "node_modules\adm-zip\util\utils.js". Consider adding it to environments.ssr.external if it is intended.[39m
[33m[1m16:18:42[22m [WARN] [vite][39m [33m[plugin vite:resolve] Automatically externalized node built-in module "path" imported from "node_modules\adm-zip\util\fattr.js". Consider adding it to environments.ssr.external if it is intended.[39m
[33m[1m16:18:43[22m [WARN] [vite][39m [33m[plugin vite:resolve] Automatically externalized node built-in module "zlib" imported from "node_modules\adm-zip\methods\deflater.js". Consider adding it to environments.ssr.external if it is intended.[39m
[33m[1m16:18:43[22m [WARN] [vite][39m [33m[plugin vite:resolve] Automatically externalized node built-in module "zlib" imported from "node_modules\adm-zip\methods\inflater.js". Consider adding it to environments.ssr.external if it is intended.[39m
[33m[1m16:18:43[22m [WARN] [vite][39m [33m[plugin vite:resolve] Automatically externalized node built-in module "crypto" imported from "node_modules\adm-zip\methods\zipcrypto.js". Consider adding it to environments.ssr.external if it is intended.[39m
[33m[1m16:18:44[22m [WARN] [vite][39m [33m[plugin vite:resolve] Automatically externalized node built-in module "path" imported from "src\lib\r2-firebase-sync.ts". Consider adding it to environments.ssr.external if it is intended.[39m
[33m[1m16:18:44[22m [WARN] [vite][39m [33m[plugin vite:resolve] Automatically externalized node built-in module "fs" imported from "src\lib\r2-firebase-sync.ts". Consider adding it to environments.ssr.external if it is intended.[39m
[33m[1m16:18:44[22m [WARN] [vite][39m [33m[plugin vite:resolve] Automatically externalized node built-in module "path" imported from " path?commonjs-external". Consider adding it to environments.ssr.external if it is intended.[39m
[33m[1m16:18:44[22m [WARN] [vite][39m [33m[plugin vite:resolve] Automatically externalized node built-in module "fs" imported from " fs?commonjs-external". Consider adding it to environments.ssr.external if it is intended.[39m
[33m[1m16:18:44[22m [WARN] [vite][39m [33m[plugin vite:resolve] Automatically externalized node built-in module "zlib" imported from " zlib?commonjs-external". Consider adding it to environments.ssr.external if it is intended.[39m
[33m[1m16:18:44[22m [WARN] [vite][39m [33m[plugin vite:resolve] Automatically externalized node built-in module "crypto" imported from " crypto?commonjs-external". Consider adding it to environments.ssr.external if it is intended.[39m
